// Vitest Snapshot v1, https://vitest.dev/guide/snapshot.html

exports[`SubGenerator server of rust JHipster blueprint > run > should succeed 1`] = `
{
  ".editorconfig": {
    "stateCleared": "modified",
  },
  ".env": {
    "stateCleared": "modified",
  },
  ".gitattributes": {
    "stateCleared": "modified",
  },
  ".gitignore": {
    "stateCleared": "modified",
  },
  ".husky/pre-commit": {
    "stateCleared": "modified",
  },
  ".lintstagedrc.cjs": {
    "stateCleared": "modified",
  },
  ".prettierignore": {
    "stateCleared": "modified",
  },
  ".prettierrc": {
    "stateCleared": "modified",
  },
  ".yo-rc.json": {
    "stateCleared": "modified",
  },
  "Cargo.toml": {
    "stateCleared": "modified",
  },
  "Dockerfile": {
    "stateCleared": "modified",
  },
  "README.md": {
    "stateCleared": "modified",
  },
  "diesel.toml": {
    "stateCleared": "modified",
  },
  "docker/app.yml": {
    "stateCleared": "modified",
  },
  "docker/postgresql.yml": {
    "stateCleared": "modified",
  },
  "docker/prometheus/prometheus.yml": {
    "stateCleared": "modified",
  },
  "docker/services.yml": {
    "stateCleared": "modified",
  },
  "docker/sonar.yml": {
    "stateCleared": "modified",
  },
  "docker/swagger-editor.yml": {
    "stateCleared": "modified",
  },
  "migrations/00000000000000_diesel_initial_setup/down.sql": {
    "stateCleared": "modified",
  },
  "migrations/00000000000000_diesel_initial_setup/up.sql": {
    "stateCleared": "modified",
  },
  "migrations/00000000000001_create_users_authorities/down.sql": {
    "stateCleared": "modified",
  },
  "migrations/00000000000001_create_users_authorities/up.sql": {
    "stateCleared": "modified",
  },
  "package.json": {
    "stateCleared": "modified",
  },
  "server/Cargo.toml": {
    "stateCleared": "modified",
  },
  "server/src/config/app_config.rs": {
    "stateCleared": "modified",
  },
  "server/src/config/database.rs": {
    "stateCleared": "modified",
  },
  "server/src/config/mod.rs": {
    "stateCleared": "modified",
  },
  "server/src/db/connection.rs": {
    "stateCleared": "modified",
  },
  "server/src/db/mod.rs": {
    "stateCleared": "modified",
  },
  "server/src/db/schema.rs": {
    "stateCleared": "modified",
  },
  "server/src/dto/common.rs": {
    "stateCleared": "modified",
  },
  "server/src/dto/mod.rs": {
    "stateCleared": "modified",
  },
  "server/src/dto/pagination.rs": {
    "stateCleared": "modified",
  },
  "server/src/dto/user_dto.rs": {
    "stateCleared": "modified",
  },
  "server/src/errors/app_error.rs": {
    "stateCleared": "modified",
  },
  "server/src/errors/mod.rs": {
    "stateCleared": "modified",
  },
  "server/src/handlers/account.rs": {
    "stateCleared": "modified",
  },
  "server/src/handlers/health.rs": {
    "stateCleared": "modified",
  },
  "server/src/handlers/management.rs": {
    "stateCleared": "modified",
  },
  "server/src/handlers/mod.rs": {
    "stateCleared": "modified",
  },
  "server/src/handlers/static_files.rs": {
    "stateCleared": "modified",
  },
  "server/src/handlers/user.rs": {
    "stateCleared": "modified",
  },
  "server/src/lib.rs": {
    "stateCleared": "modified",
  },
  "server/src/main.rs": {
    "stateCleared": "modified",
  },
  "server/src/middleware/auth.rs": {
    "stateCleared": "modified",
  },
  "server/src/middleware/mod.rs": {
    "stateCleared": "modified",
  },
  "server/src/models/authority.rs": {
    "stateCleared": "modified",
  },
  "server/src/models/mod.rs": {
    "stateCleared": "modified",
  },
  "server/src/models/user.rs": {
    "stateCleared": "modified",
  },
  "server/src/openapi.rs": {
    "stateCleared": "modified",
  },
  "server/src/services/auth_service.rs": {
    "stateCleared": "modified",
  },
  "server/src/services/mod.rs": {
    "stateCleared": "modified",
  },
  "server/src/services/user_service.rs": {
    "stateCleared": "modified",
  },
  "server/src/test_utils.rs": {
    "stateCleared": "modified",
  },
  "sonar-project.properties": {
    "stateCleared": "modified",
  },
  "template-file-common": {
    "stateCleared": "modified",
  },
  "template-file-docker": {
    "stateCleared": "modified",
  },
}
`;
